40.500000
-19.900002
311.060028
2.932039
1
1
0
1
1
1
0
1
1
0
0
45.700001
10.300000
